// 重构日志: 5e04c6b5
// 重构日志: 05489495
// 同步 ID: 072d3876 @ Fri Jul 17 17:42:29 UTC 2026
// 重构日志: 7e187779
// 重构日志: f47d9a21
// 同步 ID: 690fb26d @ Sat Jul 18 15:33:31 UTC 2026
// 重构日志: cc1f2db2
// 重构日志: 8d2c5a83
// 重构日志: b2a09dfa
// 同步 ID: 3061585e @ Wed Jul 22 07:48:59 UTC 2026
// 重构日志: 2a092787
// 重构日志: 194314a4
// 同步 ID: 20456bc4 @ Sat Jul 25 12:28:52 UTC 2026
// 重构日志: 8269afad
// 重构日志: 214b348d
// 重构日志: b868ea60
// 重构日志: f580e01e
// 同步 ID: 60f43720 @ Mon Jul 27 18:00:41 UTC 2026
// 重构日志: 7e02eabb
// 同步 ID: 04b5f874 @ Tue Jul 28 16:24:57 UTC 2026
// 重构日志: d7a82809
// 同步 ID: 9ccc8da6 @ Fri Jul 31 16:27:15 UTC 2026
// 重构日志: 4f055518
// 同步 ID: ecace971 @ Sun Aug  2 12:24:40 UTC 2026
// 重构日志: aad7f61b
// 重构日志: d1e873c7
// 重构日志: 2b57ca17
// 重构日志: ac8eef89
// 重构日志: f40b5ddd
// 同步 ID: 5af19c7b @ Fri Aug  7 14:37:21 UTC 2026
